---------- Test 0
1
2
3
4
5
6
---------- Test 1
3
1
2
----- Sep: 1
1
1
2
3
4
5
6
7
8
9
----- Sep: 2
2
4
5
6
7
8
9
1
2
3
----- Sep: 3
3
7
8
9
1
2
3
4
5
6
----- Sep: 4
4
1
2
3
4
5
6
7
8
9
----- Sep: 5
5
57
72
87
93
117
141
21
27
33
----- Sep: 6
6
102
126
150
30
36
42
66
81
96
----- Sep: 7
7
21
27
33
57
72
87
93
117
141
----- Sep: 8
8
30
36
42
----- Sep: 9
9
21
27
33
----- Sep: 10
10
21
27
33
----- Sep: 11
11
30
36
42
---------- Test 2
3
1
2
----- Sep: 1
1
1
4
7
2
5
8
3
6
9
----- Sep: 2
2
3
1
2
6
4
5
9
7
8
----- Sep: 3
3
9
3
6
7
1
4
8
2
5
----- Sep: 4
4
8
9
7
2
3
1
5
6
4
----- Sep: 5
5
50
122
194
14
32
50
32
77
122
----- Sep: 6
6
108
78
93
126
90
108
90
66
78
----- Sep: 7
7
141
33
87
93
21
57
117
27
72
----- Sep: 8
8
30
36
42
----- Sep: 9
9
11
29
47
----- Sep: 10
10
33
21
27
----- Sep: 11
11
47
11
29