identifier Class
identifier test
.
abstract
{
&
identifier aabstract
integer literal 1000
.
integer literal 0
integer literal 1
;
integer literal 1
identifier a2
}
EOF