identifier abstracta
identifier asserta
identifier booleana
identifier breaka
identifier bytea
identifier casea
identifier catcha
identifier chara
identifier classa
identifier consta
identifier continuea
identifier defaulta
identifier doublea
identifier doa
identifier elsea
identifier enuma
identifier extendsa
identifier falsea
identifier finallya
identifier finala
identifier floata
identifier fora
identifier gotoa
identifier ifa
identifier implementsa
identifier importa
identifier instanceofa
identifier interfacea
identifier inta
identifier longa
identifier nativea
identifier newa
identifier nulla
identifier packagea
identifier privatea
identifier protecteda
identifier publica
identifier returna
identifier shorta
identifier statica
identifier strictfpa
identifier supera
identifier switcha
identifier synchronizeda
identifier thisa
identifier throwsa
identifier throwa
identifier transienta
identifier truea
identifier trya
identifier voida
identifier volatilea
identifier whilea
EOF
