identifier _________________________________________
<
identifier Caution
:
identifier Keep
identifier out
identifier of
identifier reach
identifier of
identifier children
.
>
--
--
--
--
--
--
--
--
--
--
--
--
--
--
--
--
--
--
--
--
-
^
identifier __
^
/
identifier _______
/
(
identifier oo
)
/
/
(
/
(
identifier __
)
*
|
identifier w
--
--
||
||
||
EOF
