package
identifier de
.
identifier dercompiler
;
import
identifier de
.
identifier dercompiler
.
identifier actions
.
identifier Action
;
import
identifier de
.
identifier dercompiler
.
identifier general
.
identifier CompilerSetup
;
import
identifier de
.
identifier dercompiler
.
identifier io
.
identifier CommandLineBuilder
;
import
identifier de
.
identifier dercompiler
.
identifier io
.
identifier CommandLineOptions
;
public
class
identifier DerCompiler
{
public
static
void
identifier main
(
identifier String
[
]
identifier args
)
{
identifier CommandLineBuilder
identifier clb
=
new
identifier CommandLineBuilder
(
)
;
identifier clb
.
identifier parseArguments
(
identifier args
)
;
identifier CommandLineOptions
identifier options
=
identifier clb
.
identifier parseArguments
(
identifier args
)
;
identifier CompilerSetup
.
identifier setupGlobalValues
(
identifier options
)
;
identifier Action
identifier action
=
new
identifier CompilerSetup
(
)
.
identifier parseAction
(
identifier options
)
;
boolean
identifier showHelp
=
identifier options
.
identifier help
(
)
;
identifier options
.
identifier finish
(
)
;
if
(
identifier showHelp
)
{
identifier action
.
identifier help
(
)
;
}
else
{
identifier action
.
identifier run
(
)
;
}
identifier System
.
identifier exit
(
integer literal 0
)
;
}
}
EOF
