abstract
assert
boolean
break
byte
case
catch
char
class
const
continue
default
double
do
else
enum
extends
false
finally
final
float
for
goto
if
implements
import
instanceof
interface
int
long
native
new
null
package
private
protected
public
return
short
static
strictfp
super
switch
synchronized
this
throws
throw
transient
true
try
void
volatile
while
!=
!
(
)
*=
*
++
+=
+
-=
--
-
.
/=
/
:
;
<<=
<<
<=
<
==
=
>=
>>=
>>>=
>>>
>>
>
?
%=
%
&=
&&
&
[
]
^=
^
{
}
~
|=
||
|
,
integer literal 0
integer literal 1
integer literal 10
integer literal 100
identifier Tab
identifier Spaces
;
/
/
/
/
/
/
EOF