this
;
identifier is
,
identifier a
[
identifier mixup
identifier with
null
identifier or
integer literal 0
identifier sense
identifier _test
integer literal 123
switch
EOF
