identifier ABSTRACT
identifier ASSERT
identifier BOOLEAN
identifier BREAK
identifier BYTE
identifier CASE
identifier CATCH
identifier CHAR
identifier CLASS
identifier CONST
identifier CONTINUE
identifier DEFAULT
identifier DOUBLE
identifier DO
identifier ELSE
identifier ENUM
identifier EXTENDS
identifier FALSE
identifier FINALLY
identifier FINAL
identifier FLOAT
identifier FOR
identifier GOTO
identifier IF
identifier IMPLEMENTS
identifier IMPORT
identifier INSTANCEOF
identifier INTERFACE
identifier INT
identifier LONG
identifier NATIVE
identifier NEW
identifier NULL
identifier PACKAGE
identifier PRIVATE
identifier PROTECTED
identifier PUBLIC
identifier RETURN
identifier SHORT
identifier STATIC
identifier STRICTFP
identifier SUPER
identifier SWITCH
identifier SYNCHRONIZED
identifier THIS
identifier THROWS
identifier THROW
identifier TRANSIENT
identifier TRUE
identifier TRY
identifier VOID
identifier VOLATILE
identifier WHILE
EOF
