if
(
true
)
{
identifier System
.
identifier out
.
identifier println
(
identifier argument
)
}
EOF
